// Jest Snapshot v1, https://goo.gl/fbAQLP

exports[`renders AdoptionFormModal correctly 1`] = `null`;
