// Jest Snapshot v1, https://goo.gl/fbAQLP

exports[`renders BlogDetails correctly 1`] = `
<div
  className="mt-5 container"
>
  <div
    className="blog row"
  />
</div>
`;
