// Jest Snapshot v1, https://goo.gl/fbAQLP

exports[`renders Blog correctly 1`] = `
<div
  className="container"
>
  <div
    className="row"
  >
    <div
      className="col"
    >
      <div
        className="spinner-grow"
      />
    </div>
  </div>
</div>
`;
